Analysis & Synthesis report for ProyectoVGA
Sun Jun 23 19:29:55 2024
Quartus II 64-Bit Version 13.0.1 Build 232 06/12/2013 Service Pack 1 SJ Web Edition


---------------------
; Table of Contents ;
---------------------
  1. Legal Notice
  2. Analysis & Synthesis Summary
  3. Analysis & Synthesis Settings
  4. Parallel Compilation
  5. Analysis & Synthesis Source Files Read
  6. Analysis & Synthesis Resource Usage Summary
  7. Analysis & Synthesis Resource Utilization by Entity
  8. State Machine - |mainVGA|SYNC_signal:VGAVS|state
  9. State Machine - |mainVGA|SYNC_signal:VGAHS|state
 10. General Register Statistics
 11. Inverted Register Statistics
 12. Multiplexer Restructuring Statistics (Restructuring Performed)
 13. Parameter Settings for User Entity Instance: SYNC_signal:VGAHS
 14. Parameter Settings for User Entity Instance: SYNC_signal:VGAVS
 15. Port Connectivity Checks: "SYNC_signal:VGAVS"
 16. Port Connectivity Checks: "SYNC_signal:VGAHS"
 17. Elapsed Time Per Partition
 18. Analysis & Synthesis Messages



----------------
; Legal Notice ;
----------------
Copyright (C) 1991-2013 Altera Corporation
Your use of Altera Corporation's design tools, logic functions 
and other software and tools, and its AMPP partner logic 
functions, and any output files from any of the foregoing 
(including device programming or simulation files), and any 
associated documentation or information are expressly subject 
to the terms and conditions of the Altera Program License 
Subscription Agreement, Altera MegaCore Function License 
Agreement, or other applicable license agreement, including, 
without limitation, that your use is for the sole purpose of 
programming logic devices manufactured by Altera and sold by 
Altera or its authorized distributors.  Please refer to the 
applicable agreement for further details.



+--------------------------------------------------------------------------------------+
; Analysis & Synthesis Summary                                                         ;
+------------------------------------+-------------------------------------------------+
; Analysis & Synthesis Status        ; Successful - Sun Jun 23 19:29:55 2024           ;
; Quartus II 64-Bit Version          ; 13.0.1 Build 232 06/12/2013 SP 1 SJ Web Edition ;
; Revision Name                      ; ProyectoVGA                                     ;
; Top-level Entity Name              ; mainVGA                                         ;
; Family                             ; Cyclone II                                      ;
; Total logic elements               ; 141                                             ;
;     Total combinational functions  ; 132                                             ;
;     Dedicated logic registers      ; 87                                              ;
; Total registers                    ; 87                                              ;
; Total pins                         ; 8                                               ;
; Total virtual pins                 ; 0                                               ;
; Total memory bits                  ; 0                                               ;
; Embedded Multiplier 9-bit elements ; 0                                               ;
; Total PLLs                         ; 0                                               ;
+------------------------------------+-------------------------------------------------+


+----------------------------------------------------------------------------------------------------------------------+
; Analysis & Synthesis Settings                                                                                        ;
+----------------------------------------------------------------------------+--------------------+--------------------+
; Option                                                                     ; Setting            ; Default Value      ;
+----------------------------------------------------------------------------+--------------------+--------------------+
; Device                                                                     ; EP2C5T144C8        ;                    ;
; Top-level entity name                                                      ; mainVGA            ; ProyectoVGA        ;
; Family name                                                                ; Cyclone II         ; Cyclone IV GX      ;
; Use smart compilation                                                      ; Off                ; Off                ;
; Enable parallel Assembler and TimeQuest Timing Analyzer during compilation ; On                 ; On                 ;
; Enable compact report table                                                ; Off                ; Off                ;
; Restructure Multiplexers                                                   ; Auto               ; Auto               ;
; Create Debugging Nodes for IP Cores                                        ; Off                ; Off                ;
; Preserve fewer node names                                                  ; On                 ; On                 ;
; Disable OpenCore Plus hardware evaluation                                  ; Off                ; Off                ;
; Verilog Version                                                            ; Verilog_2001       ; Verilog_2001       ;
; VHDL Version                                                               ; VHDL_1993          ; VHDL_1993          ;
; State Machine Processing                                                   ; Auto               ; Auto               ;
; Safe State Machine                                                         ; Off                ; Off                ;
; Extract Verilog State Machines                                             ; On                 ; On                 ;
; Extract VHDL State Machines                                                ; On                 ; On                 ;
; Ignore Verilog initial constructs                                          ; Off                ; Off                ;
; Iteration limit for constant Verilog loops                                 ; 5000               ; 5000               ;
; Iteration limit for non-constant Verilog loops                             ; 250                ; 250                ;
; Add Pass-Through Logic to Inferred RAMs                                    ; On                 ; On                 ;
; Infer RAMs from Raw Logic                                                  ; On                 ; On                 ;
; Parallel Synthesis                                                         ; On                 ; On                 ;
; DSP Block Balancing                                                        ; Auto               ; Auto               ;
; NOT Gate Push-Back                                                         ; On                 ; On                 ;
; Power-Up Don't Care                                                        ; On                 ; On                 ;
; Remove Redundant Logic Cells                                               ; Off                ; Off                ;
; Remove Duplicate Registers                                                 ; On                 ; On                 ;
; Ignore CARRY Buffers                                                       ; Off                ; Off                ;
; Ignore CASCADE Buffers                                                     ; Off                ; Off                ;
; Ignore GLOBAL Buffers                                                      ; Off                ; Off                ;
; Ignore ROW GLOBAL Buffers                                                  ; Off                ; Off                ;
; Ignore LCELL Buffers                                                       ; Off                ; Off                ;
; Ignore SOFT Buffers                                                        ; On                 ; On                 ;
; Limit AHDL Integers to 32 Bits                                             ; Off                ; Off                ;
; Optimization Technique                                                     ; Balanced           ; Balanced           ;
; Carry Chain Length                                                         ; 70                 ; 70                 ;
; Auto Carry Chains                                                          ; On                 ; On                 ;
; Auto Open-Drain Pins                                                       ; On                 ; On                 ;
; Perform WYSIWYG Primitive Resynthesis                                      ; Off                ; Off                ;
; Auto ROM Replacement                                                       ; On                 ; On                 ;
; Auto RAM Replacement                                                       ; On                 ; On                 ;
; Auto Shift Register Replacement                                            ; Auto               ; Auto               ;
; Allow Shift Register Merging across Hierarchies                            ; Auto               ; Auto               ;
; Auto Clock Enable Replacement                                              ; On                 ; On                 ;
; Strict RAM Replacement                                                     ; Off                ; Off                ;
; Allow Synchronous Control Signals                                          ; On                 ; On                 ;
; Force Use of Synchronous Clear Signals                                     ; Off                ; Off                ;
; Auto RAM to Logic Cell Conversion                                          ; Off                ; Off                ;
; Auto Resource Sharing                                                      ; Off                ; Off                ;
; Allow Any RAM Size For Recognition                                         ; Off                ; Off                ;
; Allow Any ROM Size For Recognition                                         ; Off                ; Off                ;
; Allow Any Shift Register Size For Recognition                              ; Off                ; Off                ;
; Use LogicLock Constraints during Resource Balancing                        ; On                 ; On                 ;
; Ignore translate_off and synthesis_off directives                          ; Off                ; Off                ;
; Timing-Driven Synthesis                                                    ; Off                ; Off                ;
; Report Parameter Settings                                                  ; On                 ; On                 ;
; Report Source Assignments                                                  ; On                 ; On                 ;
; Report Connectivity Checks                                                 ; On                 ; On                 ;
; Ignore Maximum Fan-Out Assignments                                         ; Off                ; Off                ;
; Synchronization Register Chain Length                                      ; 2                  ; 2                  ;
; PowerPlay Power Optimization                                               ; Normal compilation ; Normal compilation ;
; HDL message level                                                          ; Level2             ; Level2             ;
; Suppress Register Optimization Related Messages                            ; Off                ; Off                ;
; Number of Removed Registers Reported in Synthesis Report                   ; 5000               ; 5000               ;
; Number of Swept Nodes Reported in Synthesis Report                         ; 5000               ; 5000               ;
; Number of Inverted Registers Reported in Synthesis Report                  ; 100                ; 100                ;
; Clock MUX Protection                                                       ; On                 ; On                 ;
; Auto Gated Clock Conversion                                                ; Off                ; Off                ;
; Block Design Naming                                                        ; Auto               ; Auto               ;
; SDC constraint protection                                                  ; Off                ; Off                ;
; Synthesis Effort                                                           ; Auto               ; Auto               ;
; Shift Register Replacement - Allow Asynchronous Clear Signal               ; On                 ; On                 ;
; Pre-Mapping Resynthesis Optimization                                       ; Off                ; Off                ;
; Analysis & Synthesis Message Level                                         ; Medium             ; Medium             ;
; Disable Register Merging Across Hierarchies                                ; Auto               ; Auto               ;
; Resource Aware Inference For Block RAM                                     ; On                 ; On                 ;
; Synthesis Seed                                                             ; 1                  ; 1                  ;
+----------------------------------------------------------------------------+--------------------+--------------------+


Parallel compilation was disabled, but you have multiple processors available. Enable parallel compilation to reduce compilation time.
+-------------------------------------+
; Parallel Compilation                ;
+----------------------------+--------+
; Processors                 ; Number ;
+----------------------------+--------+
; Number detected on machine ; 4      ;
; Maximum allowed            ; 1      ;
+----------------------------+--------+


+-------------------------------------------------------------------------------------------------------------------------------------+
; Analysis & Synthesis Source Files Read                                                                                              ;
+----------------------------------+-----------------+-----------------+----------------------------------------------------+---------+
; File Name with User-Entered Path ; Used in Netlist ; File Type       ; File Name with Absolute Path                       ; Library ;
+----------------------------------+-----------------+-----------------+----------------------------------------------------+---------+
; mainVGA.vhd                      ; yes             ; User VHDL File  ; C:/Users/marco/Desktop/ProyectoVGA/mainVGA.vhd     ;         ;
; clk_div.vhd                      ; yes             ; User VHDL File  ; C:/Users/marco/Desktop/ProyectoVGA/clk_div.vhd     ;         ;
; SYNC_signal.vhd                  ; yes             ; User VHDL File  ; C:/Users/marco/Desktop/ProyectoVGA/SYNC_signal.vhd ;         ;
+----------------------------------+-----------------+-----------------+----------------------------------------------------+---------+


+-----------------------------------------------------------------------+
; Analysis & Synthesis Resource Usage Summary                           ;
+---------------------------------------------+-------------------------+
; Resource                                    ; Usage                   ;
+---------------------------------------------+-------------------------+
; Estimated Total logic elements              ; 141                     ;
;                                             ;                         ;
; Total combinational functions               ; 132                     ;
; Logic element usage by number of LUT inputs ;                         ;
;     -- 4 input functions                    ; 45                      ;
;     -- 3 input functions                    ; 7                       ;
;     -- <=2 input functions                  ; 80                      ;
;                                             ;                         ;
; Logic elements by mode                      ;                         ;
;     -- normal mode                          ; 62                      ;
;     -- arithmetic mode                      ; 70                      ;
;                                             ;                         ;
; Total registers                             ; 87                      ;
;     -- Dedicated logic registers            ; 87                      ;
;     -- I/O registers                        ; 0                       ;
;                                             ;                         ;
; I/O pins                                    ; 8                       ;
; Embedded Multiplier 9-bit elements          ; 0                       ;
; Maximum fan-out node                        ; clk_div:clockdiv|Equal1 ;
; Maximum fan-out                             ; 79                      ;
; Total fan-out                               ; 653                     ;
; Average fan-out                             ; 2.88                    ;
+---------------------------------------------+-------------------------+


+------------------------------------------------------------------------------------------------------------------------------------------------------------------------------------+
; Analysis & Synthesis Resource Utilization by Entity                                                                                                                                ;
+----------------------------+-------------------+--------------+-------------+--------------+---------+-----------+------+--------------+----------------------------+--------------+
; Compilation Hierarchy Node ; LC Combinationals ; LC Registers ; Memory Bits ; DSP Elements ; DSP 9x9 ; DSP 18x18 ; Pins ; Virtual Pins ; Full Hierarchy Name        ; Library Name ;
+----------------------------+-------------------+--------------+-------------+--------------+---------+-----------+------+--------------+----------------------------+--------------+
; |mainVGA                   ; 132 (4)           ; 87 (0)       ; 0           ; 0            ; 0       ; 0         ; 8    ; 0            ; |mainVGA                   ; work         ;
;    |SYNC_signal:VGAHS|     ; 53 (53)           ; 39 (39)      ; 0           ; 0            ; 0       ; 0         ; 0    ; 0            ; |mainVGA|SYNC_signal:VGAHS ; work         ;
;    |SYNC_signal:VGAVS|     ; 54 (54)           ; 39 (39)      ; 0           ; 0            ; 0       ; 0         ; 0    ; 0            ; |mainVGA|SYNC_signal:VGAVS ; work         ;
;    |clk_div:clockdiv|      ; 21 (21)           ; 9 (9)        ; 0           ; 0            ; 0       ; 0         ; 0    ; 0            ; |mainVGA|clk_div:clockdiv  ; work         ;
+----------------------------+-------------------+--------------+-------------+--------------+---------+-----------+------+--------------+----------------------------+--------------+
Note: For table entries with two numbers listed, the numbers in parentheses indicate the number of resources of the given type used by the specific entity alone. The numbers listed outside of parentheses indicate the total resources of the given type used by the specific entity and all of its sub-entities in the hierarchy.


Encoding Type:  One-Hot
+-------------------------------------------------------------------------------------------------------+
; State Machine - |mainVGA|SYNC_signal:VGAVS|state                                                      ;
+-------------------+---------------+---------------+---------------+---------------+-------------------+
; Name              ; state.D_state ; state.C_state ; state.B_state ; state.A_state ; state.reset_state ;
+-------------------+---------------+---------------+---------------+---------------+-------------------+
; state.reset_state ; 0             ; 0             ; 0             ; 0             ; 0                 ;
; state.A_state     ; 0             ; 0             ; 0             ; 1             ; 1                 ;
; state.B_state     ; 0             ; 0             ; 1             ; 0             ; 1                 ;
; state.C_state     ; 0             ; 1             ; 0             ; 0             ; 1                 ;
; state.D_state     ; 1             ; 0             ; 0             ; 0             ; 1                 ;
+-------------------+---------------+---------------+---------------+---------------+-------------------+


Encoding Type:  One-Hot
+-------------------------------------------------------------------------------------------------------+
; State Machine - |mainVGA|SYNC_signal:VGAHS|state                                                      ;
+-------------------+---------------+---------------+---------------+---------------+-------------------+
; Name              ; state.D_state ; state.C_state ; state.B_state ; state.A_state ; state.reset_state ;
+-------------------+---------------+---------------+---------------+---------------+-------------------+
; state.reset_state ; 0             ; 0             ; 0             ; 0             ; 0                 ;
; state.A_state     ; 0             ; 0             ; 0             ; 1             ; 1                 ;
; state.B_state     ; 0             ; 0             ; 1             ; 0             ; 1                 ;
; state.C_state     ; 0             ; 1             ; 0             ; 0             ; 1                 ;
; state.D_state     ; 1             ; 0             ; 0             ; 0             ; 1                 ;
+-------------------+---------------+---------------+---------------+---------------+-------------------+


+------------------------------------------------------+
; General Register Statistics                          ;
+----------------------------------------------+-------+
; Statistic                                    ; Value ;
+----------------------------------------------+-------+
; Total registers                              ; 87    ;
; Number of registers using Synchronous Clear  ; 0     ;
; Number of registers using Synchronous Load   ; 0     ;
; Number of registers using Asynchronous Clear ; 78    ;
; Number of registers using Asynchronous Load  ; 0     ;
; Number of registers using Clock Enable       ; 42    ;
; Number of registers using Preset             ; 0     ;
+----------------------------------------------+-------+


+--------------------------------------------------+
; Inverted Register Statistics                     ;
+----------------------------------------+---------+
; Inverted Register                      ; Fan out ;
+----------------------------------------+---------+
; clk_div:clockdiv|cnt[0]                ; 3       ;
; Total number of inverted registers = 1 ;         ;
+----------------------------------------+---------+


+--------------------------------------------------------------------------------------------------------------------------------------------------------+
; Multiplexer Restructuring Statistics (Restructuring Performed)                                                                                         ;
+--------------------+-----------+---------------+----------------------+------------------------+------------+------------------------------------------+
; Multiplexer Inputs ; Bus Width ; Baseline Area ; Area if Restructured ; Saving if Restructured ; Registered ; Example Multiplexer Output               ;
+--------------------+-----------+---------------+----------------------+------------------------+------------+------------------------------------------+
; 3:1                ; 3 bits    ; 6 LEs         ; 3 LEs                ; 3 LEs                  ; No         ; |mainVGA|SYNC_signal:VGAVS|state.C_state ;
+--------------------+-----------+---------------+----------------------+------------------------+------------+------------------------------------------+


+----------------------------------------------------------------+
; Parameter Settings for User Entity Instance: SYNC_signal:VGAHS ;
+----------------+-------+---------------------------------------+
; Parameter Name ; Value ; Type                                  ;
+----------------+-------+---------------------------------------+
; a              ; 96    ; Signed Integer                        ;
; b              ; 48    ; Signed Integer                        ;
; c              ; 640   ; Signed Integer                        ;
; d              ; 16    ; Signed Integer                        ;
+----------------+-------+---------------------------------------+
Note: In order to hide this table in the UI and the text report file, please set the "Show Parameter Settings in Synthesis Report" option in "Analysis and Synthesis Settings -> More Settings" to "Off".


+----------------------------------------------------------------+
; Parameter Settings for User Entity Instance: SYNC_signal:VGAVS ;
+----------------+-------+---------------------------------------+
; Parameter Name ; Value ; Type                                  ;
+----------------+-------+---------------------------------------+
; a              ; 2     ; Signed Integer                        ;
; b              ; 33    ; Signed Integer                        ;
; c              ; 480   ; Signed Integer                        ;
; d              ; 10    ; Signed Integer                        ;
+----------------+-------+---------------------------------------+
Note: In order to hide this table in the UI and the text report file, please set the "Show Parameter Settings in Synthesis Report" option in "Analysis and Synthesis Settings -> More Settings" to "Off".


+------------------------------------------------------------------------------------------------------------------------+
; Port Connectivity Checks: "SYNC_signal:VGAVS"                                                                          ;
+--------------+--------+----------+-------------------------------------------------------------------------------------+
; Port         ; Type   ; Severity ; Details                                                                             ;
+--------------+--------+----------+-------------------------------------------------------------------------------------+
; enable_out_1 ; Output ; Info     ; Connected to dangling logic. Logic that only feeds a dangling port will be removed. ;
+--------------+--------+----------+-------------------------------------------------------------------------------------+


+------------------------------------------------------------------------------------------------------------------------+
; Port Connectivity Checks: "SYNC_signal:VGAHS"                                                                          ;
+--------------+--------+----------+-------------------------------------------------------------------------------------+
; Port         ; Type   ; Severity ; Details                                                                             ;
+--------------+--------+----------+-------------------------------------------------------------------------------------+
; enable_out_2 ; Output ; Info     ; Connected to dangling logic. Logic that only feeds a dangling port will be removed. ;
; enable_in    ; Input  ; Info     ; Stuck at VCC                                                                        ;
+--------------+--------+----------+-------------------------------------------------------------------------------------+


+-------------------------------+
; Elapsed Time Per Partition    ;
+----------------+--------------+
; Partition Name ; Elapsed Time ;
+----------------+--------------+
; Top            ; 00:00:01     ;
+----------------+--------------+


+-------------------------------+
; Analysis & Synthesis Messages ;
+-------------------------------+
Info: *******************************************************************
Info: Running Quartus II 64-Bit Analysis & Synthesis
    Info: Version 13.0.1 Build 232 06/12/2013 Service Pack 1 SJ Web Edition
    Info: Processing started: Sun Jun 23 19:29:48 2024
Info: Command: quartus_map --read_settings_files=on --write_settings_files=off ProyectoVGA -c ProyectoVGA
Warning (20028): Parallel compilation is not licensed and has been disabled
Info (12021): Found 2 design units, including 1 entities, in source file mainvga.vhd
    Info (12022): Found design unit 1: mainVGA-Behave
    Info (12023): Found entity 1: mainVGA
Info (12021): Found 2 design units, including 1 entities, in source file clk_div.vhd
    Info (12022): Found design unit 1: clk_div-uno
    Info (12023): Found entity 1: clk_div
Info (12021): Found 2 design units, including 1 entities, in source file rgb_data.vhd
    Info (12022): Found design unit 1: RGB_data-Behavior
    Info (12023): Found entity 1: RGB_data
Info (12021): Found 2 design units, including 1 entities, in source file sync_signal.vhd
    Info (12022): Found design unit 1: SYNC_signal-Behave
    Info (12023): Found entity 1: SYNC_signal
Info (12127): Elaborating entity "mainVGA" for the top level hierarchy
Warning (10492): VHDL Process Statement warning at mainVGA.vhd(103): signal "VGA_HS_signal" is read inside the Process Statement but isn't in the Process Statement's sensitivity list
Warning (10492): VHDL Process Statement warning at mainVGA.vhd(104): signal "VGA_VS_signal" is read inside the Process Statement but isn't in the Process Statement's sensitivity list
Warning (10492): VHDL Process Statement warning at mainVGA.vhd(105): signal "VGA_BLANK_HS_signal" is read inside the Process Statement but isn't in the Process Statement's sensitivity list
Warning (10492): VHDL Process Statement warning at mainVGA.vhd(106): signal "VGA_BLANK_VS_signal" is read inside the Process Statement but isn't in the Process Statement's sensitivity list
Info (12128): Elaborating entity "clk_div" for hierarchy "clk_div:clockdiv"
Info (12128): Elaborating entity "SYNC_signal" for hierarchy "SYNC_signal:VGAHS"
Warning (10492): VHDL Process Statement warning at SYNC_signal.vhd(62): signal "enable_in" is read inside the Process Statement but isn't in the Process Statement's sensitivity list
Info (12128): Elaborating entity "SYNC_signal" for hierarchy "SYNC_signal:VGAVS"
Warning (10492): VHDL Process Statement warning at SYNC_signal.vhd(62): signal "enable_in" is read inside the Process Statement but isn't in the Process Statement's sensitivity list
Warning (13024): Output pins are stuck at VCC or GND
    Warning (13410): Pin "VGA_SYNC" is stuck at VCC
Critical Warning (18061): Ignored Power-Up Level option on the following registers
    Critical Warning (18010): Register SYNC_signal:VGAHS|cnt[0] will power up to Low
    Critical Warning (18010): Register SYNC_signal:VGAHS|cnt[31] will power up to Low
    Critical Warning (18010): Register SYNC_signal:VGAVS|cnt[0] will power up to Low
    Critical Warning (18010): Register SYNC_signal:VGAVS|cnt[31] will power up to Low
Info (16010): Generating hard_block partition "hard_block:auto_generated_inst"
    Info (16011): Adding 0 node(s), including 0 DDIO, 0 PLL, 0 transceiver and 0 LCELL
Info (21057): Implemented 206 device resources after synthesis - the final resource count might be different
    Info (21058): Implemented 2 input pins
    Info (21059): Implemented 6 output pins
    Info (21061): Implemented 198 logic cells
Info: Quartus II 64-Bit Analysis & Synthesis was successful. 0 errors, 14 warnings
    Info: Peak virtual memory: 4635 megabytes
    Info: Processing ended: Sun Jun 23 19:29:55 2024
    Info: Elapsed time: 00:00:07
    Info: Total CPU time (on all processors): 00:00:06


